// Vitest Snapshot v1, https://vitest.dev/guide/snapshot.html

exports[`renders correctly with no pets 1`] = `
<DocumentFragment>
  <div
    class="search"
  >
    <h1>
      No Pets Found
    </h1>
  </div>
</DocumentFragment>
`;
